2026-08-25 11:42:53,861 - telecom_app.src.data.loader - WARNING - No default data found
2026-08-25 11:50:04,022 - telecom_app.src.models.manager - INFO - Project directory: G:\Study\DATA SCINCE\PROJECTS\POTFOLIO\telecom-consumption-intelligence
2026-08-25 11:50:04,022 - telecom_app.src.models.manager - INFO - Models directory: G:\Study\DATA SCINCE\PROJECTS\POTFOLIO\telecom-consumption-intelligence\models
2026-08-25 11:50:04,486 - telecom_app.src.data.loader - INFO - Loading data from: G:\Study\DATA SCINCE\PROJECTS\POTFOLIO\telecom-consumption-intelligence\data\processed\train_data.parquet
2026-08-25 11:50:04,547 - telecom_app.src.data.loader - INFO - Loaded 8004 rows from G:\Study\DATA SCINCE\PROJECTS\POTFOLIO\telecom-consumption-intelligence\data\processed\train_data.parquet
2026-08-25 11:50:04,578 - telecom_app.src.models.manager - INFO - Checking models directory: G:\Study\DATA SCINCE\PROJECTS\POTFOLIO\telecom-consumption-intelligence\models
2026-08-25 11:50:04,579 - telecom_app.src.models.manager - INFO - Found model in project models directory: G:\Study\DATA SCINCE\PROJECTS\POTFOLIO\telecom-consumption-intelligence\models\gradient_boosting_final.pkl
2026-08-25 11:50:04,579 - telecom_app.src.models.manager - INFO - Loading model from: G:\Study\DATA SCINCE\PROJECTS\POTFOLIO\telecom-consumption-intelligence\models\gradient_boosting_final.pkl
2026-08-25 11:50:04,586 - telecom_app.src.models.manager - INFO - Loaded existing model successfully
2026-08-25 11:50:04,586 - telecom_app.src.models.manager - INFO - Model R²: 0.9512689659632382
2026-08-25 11:50:08,986 - telecom_app.src.data.processor - INFO - Prepared features: 8004 rows, 13 features
2026-08-25 11:50:08,995 - telecom_app.src.models.explainer - INFO - SHAP explainer created successfully
2026-08-25 11:50:08,996 - telecom_app.__main__ - INFO - SHAP explainer created: True
2026-08-25 11:50:49,944 - telecom_app.src.models.manager - INFO - Project directory: G:\Study\DATA SCINCE\PROJECTS\POTFOLIO\telecom-consumption-intelligence
2026-08-25 11:50:49,945 - telecom_app.src.models.manager - INFO - Models directory: G:\Study\DATA SCINCE\PROJECTS\POTFOLIO\telecom-consumption-intelligence\models
2026-08-25 11:50:49,989 - telecom_app.src.models.manager - INFO - Checking models directory: G:\Study\DATA SCINCE\PROJECTS\POTFOLIO\telecom-consumption-intelligence\models
2026-08-25 11:50:49,989 - telecom_app.src.models.manager - INFO - Found model in project models directory: G:\Study\DATA SCINCE\PROJECTS\POTFOLIO\telecom-consumption-intelligence\models\gradient_boosting_final.pkl
2026-08-25 11:50:49,989 - telecom_app.src.models.manager - INFO - Loading model from: G:\Study\DATA SCINCE\PROJECTS\POTFOLIO\telecom-consumption-intelligence\models\gradient_boosting_final.pkl
2026-08-25 11:50:50,035 - telecom_app.src.models.manager - INFO - Loaded existing model successfully
2026-08-25 11:50:50,036 - telecom_app.src.models.manager - INFO - Model R²: 0.9512689659632382
2026-08-25 11:50:50,063 - telecom_app.src.data.processor - INFO - Prepared features: 8004 rows, 13 features
2026-08-25 11:50:50,077 - telecom_app.src.models.explainer - INFO - SHAP explainer created successfully
2026-08-25 11:50:50,078 - telecom_app.__main__ - INFO - SHAP explainer created: True
2026-08-25 11:50:57,329 - telecom_app.src.models.manager - INFO - Project directory: G:\Study\DATA SCINCE\PROJECTS\POTFOLIO\telecom-consumption-intelligence
2026-08-25 11:50:57,330 - telecom_app.src.models.manager - INFO - Models directory: G:\Study\DATA SCINCE\PROJECTS\POTFOLIO\telecom-consumption-intelligence\models
2026-08-25 11:50:57,365 - telecom_app.src.models.manager - INFO - Checking models directory: G:\Study\DATA SCINCE\PROJECTS\POTFOLIO\telecom-consumption-intelligence\models
2026-08-25 11:50:57,365 - telecom_app.src.models.manager - INFO - Found model in project models directory: G:\Study\DATA SCINCE\PROJECTS\POTFOLIO\telecom-consumption-intelligence\models\gradient_boosting_final.pkl
2026-08-25 11:50:57,366 - telecom_app.src.models.manager - INFO - Loading model from: G:\Study\DATA SCINCE\PROJECTS\POTFOLIO\telecom-consumption-intelligence\models\gradient_boosting_final.pkl
2026-08-25 11:50:57,379 - telecom_app.src.models.manager - INFO - Loaded existing model successfully
2026-08-25 11:50:57,380 - telecom_app.src.models.manager - INFO - Model R²: 0.9512689659632382
2026-08-25 11:50:57,409 - telecom_app.src.data.processor - INFO - Prepared features: 8004 rows, 13 features
2026-08-25 11:50:57,416 - telecom_app.src.models.explainer - INFO - SHAP explainer created successfully
2026-08-25 11:50:57,416 - telecom_app.__main__ - INFO - SHAP explainer created: True
2026-08-25 11:50:57,679 - telecom_app.src.models.manager - INFO - Project directory: G:\Study\DATA SCINCE\PROJECTS\POTFOLIO\telecom-consumption-intelligence
2026-08-25 11:50:57,683 - telecom_app.src.models.manager - INFO - Models directory: G:\Study\DATA SCINCE\PROJECTS\POTFOLIO\telecom-consumption-intelligence\models
2026-08-25 11:50:57,830 - telecom_app.src.models.manager - INFO - Checking models directory: G:\Study\DATA SCINCE\PROJECTS\POTFOLIO\telecom-consumption-intelligence\models
2026-08-25 11:50:57,831 - telecom_app.src.models.manager - INFO - Found model in project models directory: G:\Study\DATA SCINCE\PROJECTS\POTFOLIO\telecom-consumption-intelligence\models\gradient_boosting_final.pkl
2026-08-25 11:50:57,832 - telecom_app.src.models.manager - INFO - Loading model from: G:\Study\DATA SCINCE\PROJECTS\POTFOLIO\telecom-consumption-intelligence\models\gradient_boosting_final.pkl
2026-08-25 11:50:57,840 - telecom_app.src.models.manager - INFO - Loaded existing model successfully
2026-08-25 11:50:57,840 - telecom_app.src.models.manager - INFO - Model R²: 0.9512689659632382
2026-08-25 11:50:57,858 - telecom_app.src.data.processor - INFO - Prepared features: 8004 rows, 13 features
2026-08-25 11:50:57,868 - telecom_app.src.models.explainer - INFO - SHAP explainer created successfully
2026-08-25 11:50:57,869 - telecom_app.__main__ - INFO - SHAP explainer created: True
2026-08-25 11:50:58,664 - telecom_app.src.models.manager - INFO - Project directory: G:\Study\DATA SCINCE\PROJECTS\POTFOLIO\telecom-consumption-intelligence
2026-08-25 11:50:58,665 - telecom_app.src.models.manager - INFO - Models directory: G:\Study\DATA SCINCE\PROJECTS\POTFOLIO\telecom-consumption-intelligence\models
2026-08-25 11:50:58,717 - telecom_app.src.models.manager - INFO - Checking models directory: G:\Study\DATA SCINCE\PROJECTS\POTFOLIO\telecom-consumption-intelligence\models
2026-08-25 11:50:58,717 - telecom_app.src.models.manager - INFO - Found model in project models directory: G:\Study\DATA SCINCE\PROJECTS\POTFOLIO\telecom-consumption-intelligence\models\gradient_boosting_final.pkl
2026-08-25 11:50:58,718 - telecom_app.src.models.manager - INFO - Loading model from: G:\Study\DATA SCINCE\PROJECTS\POTFOLIO\telecom-consumption-intelligence\models\gradient_boosting_final.pkl
2026-08-25 11:50:58,730 - telecom_app.src.models.manager - INFO - Loaded existing model successfully
2026-08-25 11:50:58,730 - telecom_app.src.models.manager - INFO - Model R²: 0.9512689659632382
2026-08-25 11:50:58,757 - telecom_app.src.data.processor - INFO - Prepared features: 8004 rows, 13 features
2026-08-25 11:50:58,782 - telecom_app.src.models.explainer - INFO - SHAP explainer created successfully
2026-08-25 11:50:58,783 - telecom_app.__main__ - INFO - SHAP explainer created: True
2026-08-25 11:51:04,102 - telecom_app.src.models.manager - INFO - Project directory: G:\Study\DATA SCINCE\PROJECTS\POTFOLIO\telecom-consumption-intelligence
2026-08-25 11:51:04,103 - telecom_app.src.models.manager - INFO - Models directory: G:\Study\DATA SCINCE\PROJECTS\POTFOLIO\telecom-consumption-intelligence\models
2026-08-25 11:51:04,139 - telecom_app.src.models.manager - INFO - Checking models directory: G:\Study\DATA SCINCE\PROJECTS\POTFOLIO\telecom-consumption-intelligence\models
2026-08-25 11:51:04,139 - telecom_app.src.models.manager - INFO - Found model in project models directory: G:\Study\DATA SCINCE\PROJECTS\POTFOLIO\telecom-consumption-intelligence\models\gradient_boosting_final.pkl
2026-08-25 11:51:04,140 - telecom_app.src.models.manager - INFO - Loading model from: G:\Study\DATA SCINCE\PROJECTS\POTFOLIO\telecom-consumption-intelligence\models\gradient_boosting_final.pkl
2026-08-25 11:51:04,150 - telecom_app.src.models.manager - INFO - Loaded existing model successfully
2026-08-25 11:51:04,150 - telecom_app.src.models.manager - INFO - Model R²: 0.9512689659632382
2026-08-25 11:51:04,165 - telecom_app.src.data.processor - INFO - Prepared features: 8004 rows, 13 features
2026-08-25 11:51:04,173 - telecom_app.src.models.explainer - INFO - SHAP explainer created successfully
2026-08-25 11:51:04,174 - telecom_app.__main__ - INFO - SHAP explainer created: True
2026-08-25 11:51:18,755 - telecom_app.src.models.manager - INFO - Project directory: G:\Study\DATA SCINCE\PROJECTS\POTFOLIO\telecom-consumption-intelligence
2026-08-25 11:51:18,756 - telecom_app.src.models.manager - INFO - Models directory: G:\Study\DATA SCINCE\PROJECTS\POTFOLIO\telecom-consumption-intelligence\models
2026-08-25 11:51:18,790 - telecom_app.src.models.manager - INFO - Checking models directory: G:\Study\DATA SCINCE\PROJECTS\POTFOLIO\telecom-consumption-intelligence\models
2026-08-25 11:51:18,790 - telecom_app.src.models.manager - INFO - Found model in project models directory: G:\Study\DATA SCINCE\PROJECTS\POTFOLIO\telecom-consumption-intelligence\models\gradient_boosting_final.pkl
2026-08-25 11:51:18,791 - telecom_app.src.models.manager - INFO - Loading model from: G:\Study\DATA SCINCE\PROJECTS\POTFOLIO\telecom-consumption-intelligence\models\gradient_boosting_final.pkl
2026-08-25 11:51:18,800 - telecom_app.src.models.manager - INFO - Loaded existing model successfully
2026-08-25 11:51:18,801 - telecom_app.src.models.manager - INFO - Model R²: 0.9512689659632382
2026-08-25 11:51:18,820 - telecom_app.src.data.processor - INFO - Prepared features: 8004 rows, 13 features
2026-08-25 11:51:18,828 - telecom_app.src.models.explainer - INFO - SHAP explainer created successfully
2026-08-25 11:51:18,829 - telecom_app.__main__ - INFO - SHAP explainer created: True
2026-08-25 11:51:18,914 - telecom_app.src.models.manager - INFO - Project directory: G:\Study\DATA SCINCE\PROJECTS\POTFOLIO\telecom-consumption-intelligence
2026-08-25 11:51:18,914 - telecom_app.src.models.manager - INFO - Models directory: G:\Study\DATA SCINCE\PROJECTS\POTFOLIO\telecom-consumption-intelligence\models
2026-08-25 11:51:18,918 - telecom_app.src.data.processor - INFO - Prepared features: 1 rows, 13 features
2026-08-25 11:51:21,876 - telecom_app.src.models.manager - INFO - Project directory: G:\Study\DATA SCINCE\PROJECTS\POTFOLIO\telecom-consumption-intelligence
2026-08-25 11:51:21,876 - telecom_app.src.models.manager - INFO - Models directory: G:\Study\DATA SCINCE\PROJECTS\POTFOLIO\telecom-consumption-intelligence\models
2026-08-25 11:51:21,914 - telecom_app.src.models.manager - INFO - Checking models directory: G:\Study\DATA SCINCE\PROJECTS\POTFOLIO\telecom-consumption-intelligence\models
2026-08-25 11:51:21,914 - telecom_app.src.models.manager - INFO - Found model in project models directory: G:\Study\DATA SCINCE\PROJECTS\POTFOLIO\telecom-consumption-intelligence\models\gradient_boosting_final.pkl
2026-08-25 11:51:21,915 - telecom_app.src.models.manager - INFO - Loading model from: G:\Study\DATA SCINCE\PROJECTS\POTFOLIO\telecom-consumption-intelligence\models\gradient_boosting_final.pkl
2026-08-25 11:51:21,927 - telecom_app.src.models.manager - INFO - Loaded existing model successfully
2026-08-25 11:51:21,928 - telecom_app.src.models.manager - INFO - Model R²: 0.9512689659632382
2026-08-25 11:51:21,944 - telecom_app.src.data.processor - INFO - Prepared features: 8004 rows, 13 features
2026-08-25 11:51:21,954 - telecom_app.src.models.explainer - INFO - SHAP explainer created successfully
2026-08-25 11:51:21,955 - telecom_app.__main__ - INFO - SHAP explainer created: True
2026-08-25 11:51:22,049 - telecom_app.src.data.processor - INFO - Prepared features: 1 rows, 13 features
2026-08-25 11:51:43,436 - telecom_app.src.models.manager - INFO - Project directory: G:\Study\DATA SCINCE\PROJECTS\POTFOLIO\telecom-consumption-intelligence
2026-08-25 11:51:43,436 - telecom_app.src.models.manager - INFO - Models directory: G:\Study\DATA SCINCE\PROJECTS\POTFOLIO\telecom-consumption-intelligence\models
2026-08-25 11:51:47,643 - telecom_app.src.models.manager - INFO - Project directory: G:\Study\DATA SCINCE\PROJECTS\POTFOLIO\telecom-consumption-intelligence
2026-08-25 11:51:47,645 - telecom_app.src.models.manager - INFO - Models directory: G:\Study\DATA SCINCE\PROJECTS\POTFOLIO\telecom-consumption-intelligence\models
2026-08-25 11:53:23,336 - telecom_app.src.models.manager - INFO - Project directory: G:\Study\DATA SCINCE\PROJECTS\POTFOLIO\telecom-consumption-intelligence
2026-08-25 11:53:23,337 - telecom_app.src.models.manager - INFO - Models directory: G:\Study\DATA SCINCE\PROJECTS\POTFOLIO\telecom-consumption-intelligence\models
2026-08-25 11:53:23,858 - telecom_app.src.data.loader - INFO - Loading data from: G:\Study\DATA SCINCE\PROJECTS\POTFOLIO\telecom-consumption-intelligence\data\processed\train_data.parquet
2026-08-25 11:53:24,592 - telecom_app.src.data.loader - INFO - Loaded 8004 rows from G:\Study\DATA SCINCE\PROJECTS\POTFOLIO\telecom-consumption-intelligence\data\processed\train_data.parquet
2026-08-25 11:53:24,623 - telecom_app.src.models.manager - INFO - Checking models directory: G:\Study\DATA SCINCE\PROJECTS\POTFOLIO\telecom-consumption-intelligence\models
2026-08-25 11:53:24,623 - telecom_app.src.models.manager - INFO - Found model in project models directory: G:\Study\DATA SCINCE\PROJECTS\POTFOLIO\telecom-consumption-intelligence\models\gradient_boosting_final.pkl
2026-08-25 11:53:24,623 - telecom_app.src.models.manager - INFO - Loading model from: G:\Study\DATA SCINCE\PROJECTS\POTFOLIO\telecom-consumption-intelligence\models\gradient_boosting_final.pkl
2026-08-25 11:53:24,633 - telecom_app.src.models.manager - INFO - Loaded existing model successfully
2026-08-25 11:53:24,634 - telecom_app.src.models.manager - INFO - Model R²: 0.9512689659632382
2026-08-25 11:53:28,725 - telecom_app.src.data.processor - INFO - Prepared features: 8004 rows, 13 features
2026-08-25 11:53:28,741 - telecom_app.src.models.explainer - INFO - SHAP explainer created successfully
2026-08-25 11:53:28,742 - telecom_app.__main__ - INFO - SHAP explainer created: True
2026-08-25 12:11:44,141 - telecom_app.src.models.manager - INFO - Project directory: G:\Study\DATA SCINCE\PROJECTS\POTFOLIO\telecom-consumption-intelligence
2026-08-25 12:11:44,142 - telecom_app.src.models.manager - INFO - Models directory: G:\Study\DATA SCINCE\PROJECTS\POTFOLIO\telecom-consumption-intelligence\models
2026-08-25 12:11:44,622 - telecom_app.src.data.loader - INFO - Loading data from: G:\Study\DATA SCINCE\PROJECTS\POTFOLIO\telecom-consumption-intelligence\data\processed\train_data.parquet
2026-08-25 12:11:44,683 - telecom_app.src.data.loader - INFO - Loaded 8004 rows from G:\Study\DATA SCINCE\PROJECTS\POTFOLIO\telecom-consumption-intelligence\data\processed\train_data.parquet
2026-08-25 12:11:44,715 - telecom_app.src.models.manager - INFO - Checking models directory: G:\Study\DATA SCINCE\PROJECTS\POTFOLIO\telecom-consumption-intelligence\models
2026-08-25 12:11:44,715 - telecom_app.src.models.manager - INFO - Found model in project models directory: G:\Study\DATA SCINCE\PROJECTS\POTFOLIO\telecom-consumption-intelligence\models\gradient_boosting_final.pkl
2026-08-25 12:11:44,715 - telecom_app.src.models.manager - INFO - Loading model from: G:\Study\DATA SCINCE\PROJECTS\POTFOLIO\telecom-consumption-intelligence\models\gradient_boosting_final.pkl
2026-08-25 12:11:44,723 - telecom_app.src.models.manager - INFO - Loaded existing model successfully
2026-08-25 12:11:44,723 - telecom_app.src.models.manager - INFO - Model R²: 0.9512689659632382
2026-08-25 12:11:46,529 - telecom_app.src.data.processor - INFO - Prepared features: 8004 rows, 13 features
2026-08-25 12:11:46,537 - telecom_app.src.models.explainer - INFO - SHAP explainer created successfully
2026-08-25 12:11:46,538 - telecom_app.__main__ - INFO - SHAP explainer created: True
2026-08-25 12:14:33,489 - telecom_app.src.models.manager - INFO - Project directory: G:\Study\DATA SCINCE\PROJECTS\POTFOLIO\telecom-consumption-intelligence
2026-08-25 12:14:33,490 - telecom_app.src.models.manager - INFO - Models directory: G:\Study\DATA SCINCE\PROJECTS\POTFOLIO\telecom-consumption-intelligence\models
2026-08-25 12:14:33,989 - telecom_app.src.data.loader - INFO - Loading data from: G:\Study\DATA SCINCE\PROJECTS\POTFOLIO\telecom-consumption-intelligence\data\processed\train_data.parquet
2026-08-25 12:14:34,051 - telecom_app.src.data.loader - INFO - Loaded 8004 rows from G:\Study\DATA SCINCE\PROJECTS\POTFOLIO\telecom-consumption-intelligence\data\processed\train_data.parquet
2026-08-25 12:14:34,084 - telecom_app.src.models.manager - INFO - Checking models directory: G:\Study\DATA SCINCE\PROJECTS\POTFOLIO\telecom-consumption-intelligence\models
2026-08-25 12:14:34,084 - telecom_app.src.models.manager - INFO - Found model in project models directory: G:\Study\DATA SCINCE\PROJECTS\POTFOLIO\telecom-consumption-intelligence\models\gradient_boosting_final.pkl
2026-08-25 12:14:34,084 - telecom_app.src.models.manager - INFO - Loading model from: G:\Study\DATA SCINCE\PROJECTS\POTFOLIO\telecom-consumption-intelligence\models\gradient_boosting_final.pkl
2026-08-25 12:14:34,092 - telecom_app.src.models.manager - INFO - Loaded existing model successfully
2026-08-25 12:14:34,092 - telecom_app.src.models.manager - INFO - Model R²: 0.9512689659632382
2026-08-25 12:14:36,053 - telecom_app.src.data.processor - INFO - Prepared features: 8004 rows, 13 features
2026-08-25 12:14:36,061 - telecom_app.src.models.explainer - INFO - SHAP explainer created successfully
2026-08-25 12:14:36,062 - telecom_app.__main__ - INFO - SHAP explainer created: True
